A9ADA9E7
725132EC
3135442A
0BC66DF8
3CD0F4C2
689A59D0
26A71114
4D1F87D0
731893E8
83C3C2F8
D748AEC5
B36E80BC
8536E75C
F9EC5466
64FD122B
5B59A7BE
F94C96CA
A2594AAC
F7280F29
C571F0DE
0E5A76CD
D2AD8010
2825E5AF
431B9A47
3BBB4944
E6FFD56F
C8383132
D7B3F3F7
BD01BFC0
E8C0D348
0A42F5C5
5C44510E
05AEE9A2
3E6685EB
47FF8BCF
0A1B3BAD
56E71005
29F308F6
B5EC6C66
6E59AD55
6FA12DFA
01F80CF8
5E8023C2
52B8F6E3
2A9381FE
45E3A258
09616D5D
D0FD29BE
98CC328D
E3AC7C74
B2EAD60C
78E405F5
2F6B3AF8
F886E23A
720634ED
42001CC8
A101ABDD
729C7DD5
C835DF0A
AAD72902
BCD5DA9B
F33F6EC3
5DA28A39
7F6FB9B3
9188BED8
8BEBFE48
9D0FA8D3
FB06C26C
183BFA06
64F30F3F
BC4F95BE
700402BB
88D963E1
67E9468D
BECA88A7
8EDCDAB2
C0875F9C
4A3AB2C6
E224741D
8406E572
60DB6F47
BF82A75C
0809770A
B3EF7980
AB55C4FF
2959F5BE
5DE7E8AE
9E1ADAEE
8CA1B787
8ECA091A
0420027E
486FE01D
3C870D71
FDD21F34
8356CCB2
72D05506
EA504DEC
FA8302B3
6E766CFE
C202F180
43048F19
36FF5ADB
05ED2AA9
6A067ADA
93A4D33C
51F1DA0E
A6CE889B
B0A13E7F
000D3093
195B2F5D
5D27646A
6E4F0840
5A7F7D7B
D15E374E
53831BD2
319B44F5
1B551535
6EE64709
97D6A3B0
88078802
BA70DF2D
DFF7E83C
4DBDBE49
76A418FC
A3743593
6762FF65
991E05D4
E408FE99
9FA3F113
C8D93A3F
53C33CA4
80E61717
ADD4F196
4FE4EA8E
F79DB73E
63413B7F
5A5A70BD
47BC7787
AC5FF040
EF6165A3
A0E91E59
5FF0212B
9BA84D29
7D3CF68E
306AB39B
FBFAFA45
05766FEA
72639F2A
8764CDC7
E6BC9D57
869FE7DC
887D85F9
2BBFFC1B
FA7AD402
359AE125
035BCFE2
7D347F78
28A7EDC0
EB657471
B3C99C0C
B903DDDF
1225744D
441A83A1
B6E4F10A
B28C2034
54A7201C
538AF82F
B57B877C
3CE4BEE2
EA8D954F
1356FBC7
F64DBBAA
F97D6C85
EBAF2B07
88F8E419
5C1DCD60
72ACA2A2
F897C361
1BD3880A
69D9A34A
145734BD
E40DC98F
73F0DBA0
9C60462C
D39AFDC3
EDDE06D1
82F6B990
20039C20
C5648E0D
42D87EC1
92054AA1
29F07BCB
B80BB0E9
1E13466B
BE10A414
7DD446AA
4C22887C
11733D1F
DF44F31E
3F5D9B30
58F87213
460518CB
7ED57779
489CB159
9B95AF39
1CCFEB41
32C5968C
EDCA041F
1A4DB647
F3BCFBA6
F93889D7
E4F247DA
FB9756EB
99DCF929
9D9E82BA
B4975FC9
444D2936
D2A12CCE
0383BD93
95A12344
3891C54D
1E2A308A
934B30DA
8635ACBE
0BD34587
D901DAF5
97B32BE9
A4726C31
C1363763
751623AF
BC5E00D9
9029C47C
0AE24E3D
F6534CC1
9D9DC128
FE398A9A
52CB9A19
6CF50F8E
E2636490
989F8893
0F0A8B71
56729C4E
C933333F
9E796205
D9268BD2
38BC9A48
2A532745
F61B5458
F2E2664E
2D6D1C4F
A961FD9A
D317D4DB
7F871748
E1F28903
4E87B83A
19BCAE8E
CFF92FD1
A1B4B01C
FAE06EFC
552F0F07
D74B619E
80C11D7F
30ABDC29
82D7D936
28DC23BC
5227C00A
1BBA724E
C6F4B39F
14E7FEF4
6A24FF1A
F2277A40
DEA31245
D262B3E5
FA7ED457
12FA084E
99C199EA
FC9A9AE4
274D9E7F
805FB1B8
035D001E
46EBA766
52549AF9
F139D2C8
F316BCB1
4F920A7C
53609F63
DD438681
73CAF37E
DBC1FA51
EE285389
AB9952D0
9E018770
FAFBACD6
6401BDE1
C6D9EFC3
B192CE5A
61FE74F6
7A6B84AF
B60D5EFA
67F3014A
2316826C
05460C67
FAEA212A
A0B52147
DB5AB732
E4277C43
75DF5828
1B9220F3
449B3D1F
163766CD
9F67700F
1C2223B1
4EA5BFDD
BEA6FEB9
71DF8235
7997531F
33227A30
AFEEA642
2F07E4AA
809ECF74
9DC381A8
A0706292
3B799094
1CCC977B
A57DB921
D769CD2E
0FAE6C63
A009C343
385857F4
BBE99754
69A1BC91
5FE05333
EF5B3D81
1DC695DE
64FAB950
8D5ACB30
40EC4606
8A59CADA
52AFDD32
78101B28
07CB8059
090A597A
43A2E1DC
7B9E3CF4
5A737376
6B8D84AB
7A1EFBCE
D0B8AF79
5B3D7116
6E798C9F
8084B409
E2DAE465
3855C833
7F1E4DC4
3D80F150
0B0A48FE
90B9DEA8
CDF62B0F
08625418
23DB89A6
4090FF7D
116E48B8
335A4442
C08AFEE8
0CED1EC0
12722006
22A9A7B2
A6851A4A
38A22F73
FFABC9A5
A7DA236B
6DBB794B
C335A109
666BD3FC
5F748108
252F016B
8EA6B8FD
45D986FB
8A8E20CF
62CC4511
C1C32984
9246DB72
7A844428
21E8FE6E
E82947F1
5AE60A3E
92AD52FF
EB2D1FD6
F4C93982
F3FBD9A3
DDDC337B
EFF42F5B
6DCC82C9
503186C8
5D121B7F
8A20A4B4
DB9042C6
90BB8D92
7742835D
8A8B96EA
EBC8994D
218EBAC6
5CE7E3A2
8E4617F9
7C145F96
D8DD0C24
A2C08812
7902AC57
9C7499B8
EE1E8214
2FC3F97C
B8C82397
87C47E4E
C7DF6FC4
FA57135D
16935390
E074AEB0
9A6F352D
12A4F5D9
B3C558FA
C640730B
C7168E9D
76545746
F075EB36
FF6BEAAA
AF71CDA7
F7DB53F2
6DB63DAC
0C920E54
240FE734
05032110
B4B0EFA0
33D398F2
8EA36B75
D9B842EC
F727B0D7
C7A9BD1B
AD4DE4C7
6007CD56
C2F14862
DBB1329F
01C78051
5D91E460
E4A0F12E
33BE75D0
3DDE44AE
5205DC3E
F339B2F1
40512556
5E15C0F0
804A2D93
A14FB1E8
CCE440B5
41CC6641
DCE380C5
DB26B1F9
B40A63BC
224EDAF9
E7BFEBB8
173FA557
8651F82B
ECC95481
7BC83F8C
94D6EAD9
6843041B
9C8B6042
152852E1
CB3F9E03
DA0CA9D6
AA998E78
6C4EB684
7A345E9B
42E7FBE2
30CD34C7
F720443F
77228757
971AFF15
45B6CE1F
E37921DA
2E95A982
677A58F2
5F728FFB
55620E83
2F57C3CD
25BD0A60
37A5DF6C
941EADC3
2F4A3140
2204D3AE
F4004ABB
45E52729
F007F9F0
241F3E68
CD09DED7
3758E7D5
94DF85C6
A88F7BE8
12A08D66
884F5B11
F2A0613D
ACAB8FB0
77C0D161
B3891FC4
AE8CC2A3
88676920
76E3E5AA
4FBE338A
BD98EF8B
92B63151
7AB9921A
AFBA1238
352FB78F
F3DE2917
7356F39F
DA362C50
F30E259D
541B7C74
D0A4A586
27240047
2D21590A
4EFD83D7
5FAA8565
0D3D21D6
5F5717A9
E4672E28
BB50CA53
B2209DE8
89F2B97A
CBA9E199
47A967F7
7C9B2C20
70F9DD48
0A5863F8
D75F7ABE
D510EF98
5AE2B2BD
8EDCA56B
65BC1629
FEE8FBD2
B36DC2F0
67FA29D0
8A7352DA
34DFA172
BC509BF4
010A92C6
FA205D1B
E2138CC1
074175A2
9D1C3F71
741630B6
3C344839
EF8D6619
178DD599
8C439DC9
52A32013
77660EB8
C1631F33
9E890C20
BDA21D68
80699BF6
FF08606D
979B1120
3022FC58
DDFFD519
21A69466
F767E584
642C0B0A
20BF7BD5
AC2D46F3
B615FD43
E2B466A6
E88D2CA4
0A15EBAE
3C649078
823FE393
38285B16
4DF9AB76
F170ED7C
C121AF51
94E7E306
B62F6C33
91694F5E
B407019D
DD2E3B5E
4B98BBB2
2B7D3E9B
CED59A90
206A564F
1DC684B4
81902102
89CF869B
872CF25D
7EE1DAC3
3537563E
BF0BE930
B17531E9
321C6DEE
A4494923
1D0F296C
AB0BD6B6
C463357F
D9FC46A1
41A78BB3
2DD41B29
56463E33
D20DC618
C550C1B0
BCA6CD56
7187A9A2
1B6AAD22
102558D9
4FF1322A
CD8BB4BB
BDD7B76F
A72E7826
A945F290
FC286195
094FC60A
27B27FF9
27DF15C7
1937A55A
638AD643
EABE25A8
2E0C81F1
0DA3B2FB
78324C70
AC833685
8AA9B110
71FAC98D
93DB8402
F273EC6C
101E87C6
0D6C22D5
2D4D15F7
1B66F458
128D06CF
0AE9AA1E
D528FCA5
7010AA5F
CE4A23CF
2A80706F
BB2DC285
C7734F56
4508580D
16BF7E80
DCB1A430
DCFA2A24
A1E159D2
AC6E16C4
C5D470DA
63C5BC89
F8E13112
2C8D9DC2
2147D1B8
EBDF8E75
625A2C3F
AF2FB697
3781D7E3
7C8B5350
0342E449
A51779AA
5DD76E1A
A7C90C9F
D52059C6
CFD5ED49
5D967BE8
3B9EFB61
992CA5BC
B07D2858
ECF5C478
0D95A1EE
154D180C
40E77A03
9D79B5F9
43D0D8B2
AF820D05
8840F849
E82EB8A7
B664CECE
6C8FEA54
E98788C8
D7563918
F52C38D7
658E2CC5
7366E386
E39856D5
B68C5404
EB79DCB2
E8A13C05
13F09D9A
D51B494C
9EB2B260
A14EAC51
AACC8367
DB4E7D10
C614829A
12FE9EE6
BF22E6C1
119282AE
1B7D7578
88635743
D2572974
CE468AE8
61FBC2AE
6FB47ADD
D45F65EF
5595E1FD
A3FCDAC4
89998A5D
4E8552CA
96ADDFD3
54C599CC
D3D9C2B5
C1D593B5
9E096B69
42A3E7AD
CB7E18F3
7D884B95
5FB9B957
A296EA6E
CD33108F
CE19DFC6
2FB220BC
E897D44B
2184D6E7
F6914C85
C155BBC3
5857B0F6
34BFF8E7
1D3DDEB0
96C7E5DD
11C4AD77
4BF67837
F749974D
6A30EB37
EFD7A513
13259338
39490227
D7555B32
3987A18B
98CD4A22
53913738
BE600564
96FD7AA5
EDD1200E
38D39CB0
8E2BF8E1
3BD9D178
8F52C9EF
5A971783
024663D9
898976A9
456E841D
BF00517F
08BCDD57
9937E86D
17A5F867
281FFBE6
DFCB144F
EC1082D0
3604B8F1
6315F72C
717BC934
031046F4
1332AE3F
230A1747
1355E453
1A97597C
6794F4FB
C566B2BE
864C49B1
4C9FBC3D
2C7B9EBE
F65D5043
24F4124C
56CDA52F
AEC8642D
3AA9C9A0
90B1B9CD
B59D4D42
BD755E12
698D4FF9
9AA481B2
F0A46A25
9D088055
C7FCD751
396D15BC
22AADC1B
97F38EED
0F8323F0
94A4009C
570ECFF1
B733CD0E
6B7D64D4
A295C07B
4FA00286
528718C4
66CF0427
5C7E0EB4
2F23C68C
87613712
F3411FE9
3B12D151
798AFCB5
C00E0AD0
7FD169B8
35DB1537
6CD6E70B
E58A0916
157F9020
075EB62A
9F86F4A5
2C70A41D
BF853511
E6C3CA9B
81C7810E
0F2308B8
470945F9
15E2311E
26CD2C8B
65182365
DB20C386
F4BA9B3B
388F9421
FD550E04
98A5CE49
BB6D4C0A
1C46BDC1
4DE49100
8702CF83
BF94CDA3
555FDB2F
CCD181EF
6EAF3A69
E93F8238
B36658CA
FF12F6F9
3CE8DF86
8A461C3A
A5B50273
44059A7D
86959B7C
5807F786
FFEFBFEE
0D43A2EF
87A5C4FD
3733A0DE
7B7CD0D1
BA46A7E1
16AFCFA5
03E03A47
06992327
3E9E62B0
75F673B1
9A293E11
4E715796
A592E376
C4E6D171
5844C56A
2FD70411
8415471D
4AA55471
9C855FA2
4418FCF5
D94A78F8
EF5CFEBA
C9A74757
7C4BFBB2
0DD1F08C
09BFADE8
7AD0C16A
E019DDA9
6F365E6A
116D984C
E81CDBAD
A5BDDE7C
2ECBD55A
502CAC13
B971C201
55F2D725
0352AF47
08A85085
53CF0D30
4CE82ECC
1381327C
9C211483
D9F8DD75
3391F338
AD6E47F5
865082E0
989FD47A
F2278C93
63AE5257
C533B6A7
D2511268
3F76E149
E0E0A1B7
F7C41EC4
16B8304E
293EB74E
C6DDDE1C
988A9112
13E7E08C
771EB0C2
1903FF90
6A57476D
F53AA4E1
99773E52
9C08F1DC
EC50BA21
579B88DA
3022A259
A18C6D61
4EB6CC0A
8B474FA3
87D974D7
86EAC01B
F3626F5F
54073FE9
30F8EC08
0B378577
59C941C8
4402B565
D45F8339
75486BD3
9B56BC1C
8F247876
1F5F8E5F
1E791641
B7715E5D
6F9253EC
4DA9BDA6
A53429D3
3B352743
D2128759
796C560C
E1337E12
B1C5CC2B
11D3B966
8D69CC39
AE9DAC20
5762B195
454151D9
DABCF3D6
8AE33B3D
B72102C8
CDDDFF8B
86F81634
A0F5D67D
E1AEDF0F
6345A148
F5023CCF
9979D192
E83A8964
55768634
6944BFCA
7300D3BC
18988883
49EEB67A
21BD1D9E
9ABF711B
807577BA
8B868A4B
E5EB0C59
8BF4E1D3
DD01B552
79B3E25F
9B3FA821
1239965D
2729CF97
E22F2B2B
EB956D4B
8627781D
4EAAF592
D48AA857
4D0BE2EA
A332BBC3
6A213211
23B8B162
1E2CADF6
E3DE35BB
8A7B4E8D
85C23590
69CCB4AB
746F4507
30FC83C6
6CF4C59E
A0EFF4D7
18742AE3
827C2B8F
30E0A33D
7DA4C158
53D40E13
740F6049
252B61E9
E9EFAF5F
D86AB0D0
6DD2E1DC
58CE3A72
3330EEFA
